// Jest Snapshot v1, https://goo.gl/fbAQLP

exports[`<ContentLink /> renders correctly 1`] = `
<a
  data-testid="content-link"
  href="/repo/pathtocontent"
>
  text
</a>
`;
