// Jest Snapshot v1, https://goo.gl/fbAQLP

exports[`<ContentItem /> renders correctly 1`] = `
<span
  class="flex items-center py-2 px-5 hover:bg-gray-50 border-b"
  data-testid="content-item"
>
  <span
    class="w-8"
  >
    <svg
      data-icon="dir"
      enable-background="new 0 0 48 48"
      fill="currentColor"
      height="1em"
      stroke="currentColor"
      stroke-width="0"
      version="1"
      viewBox="0 0 48 48"
      width="1em"
      xmlns="http://www.w3.org/2000/svg"
    >
      <path
        d="M40,12H22l-4-4H8c-2.2,0-4,1.8-4,4v8h40v-4C44,13.8,42.2,12,40,12z"
        fill="#FFA000"
      />
      <path
        d="M40,12H8c-2.2,0-4,1.8-4,4v20c0,2.2,1.8,4,4,4h32c2.2,0,4-1.8,4-4V16C44,13.8,42.2,12,40,12z"
        fill="#FFCA28"
      />
    </svg>
  </span>
  contentname
</span>
`;
