// Jest Snapshot v1, https://goo.gl/fbAQLP

exports[`<UserInfo /> renders correctly 1`] = `
<div
  class="flex"
  data-testid="user-info"
>
  <a
    class="overflow-hidden mr-5 w-14 h-14 bg-white rounded border"
    data-testid="user-info-avatar"
    href="/google"
  >
    <img
      class="object-cover w-full h-full"
      src="https://avatars.githubusercontent.com/u/958072?v=4"
    />
  </a>
  <div
    class="flex-1"
  >
    <a
      class="text-2xl"
      data-testid="user-info-name"
      href="/google"
    >
      Google
    </a>
    <div
      class="text-gray-500"
      data-testid="user-info-html-url"
    >
      https://github.com/google
    </div>
  </div>
</div>
`;
